START TIME: $(date)
[Sun May 24 06:02:48 CEST 2026] WANDB disabled.
CMD: torchrun --nproc-per-node 4 --nnodes 8 --rdzv_endpoint nid006177:25678 --rdzv_backend c10d --max_restarts 0 --tee 3 /iopsstor/scratch/cscs/course_00179/lsaie-ss26-gipfelsturm/Megatron-LM/pretrain_gpt.py     --transformer-impl transformer_engine --use-precision-aware-optimizer --main-grads-dtype bf16 --fp8-format hybrid --fp8-margin 0 --fp8-amax-history-len 1024 --fp8-amax-compute-algo max     --num-layers 24 --hidden-size 1536 --ffn-hidden-size 4096 --num-attention-heads 16 --group-query-attention --num-query-groups 4 --max-position-embeddings 4096 --position-embedding-type rope --normalization RMSNorm --swiglu --untie-embeddings-and-output-weights --seq-length 4096 --use-mcore-models     --micro-batch-size 4 --global-batch-size 512 --train-iters 3638 --log-interval 1 --eval-interval 3638 --eval-iters 10 --cross-entropy-loss-fusion --disable-bias-linear --optimizer adam --dataloader-type single --no-check-for-nan-in-loss-and-grad --manual-gc --manual-gc-interval 50 --exit-signal-handler --recompute-granularity selective     --attention-dropout 0.0 --hidden-dropout 0.0 --weight-decay 0.1 --clip-grad 1.0 --adam-beta1 0.9 --adam-beta2 0.95     --lr 2e-4 --min-lr 2e-5 --lr-decay-style cosine --lr-decay-iters 3638 --lr-warmup-iters 181     --seed 42 --init-method-std 0.02     --bf16     --tensor-model-parallel-size 1 --pipeline-model-parallel-size 1 --use-distributed-optimizer --overlap-grad-reduce --overlap-param-gather     --log-throughput --log-progress --tensorboard-dir /iopsstor/scratch/cscs/course_00179/gipfelsturm/gipfelsturm/train-760m-8n/tensorboard --log-timers-to-tensorboard --log-memory-to-tensorboard     --save /iopsstor/scratch/cscs/course_00179/gipfelsturm/gipfelsturm/train-760m-8n/checkpoints --save-interval 500     --tokenizer-type GPT2BPETokenizer --vocab-file /iopsstor/scratch/cscs/course_00179/lsaie-ss26-gipfelsturm/data/gpt2-vocab.json --merge-file /iopsstor/scratch/cscs/course_00179/lsaie-ss26-gipfelsturm/data/gpt2-merges.txt     --data-path /capstor/store/cscs/swissai/infra01/datasets/nvidia/Nemotron-ClimbMix/climbmix_small_megatron/climbmix_small --data-cache-path /iopsstor/scratch/cscs/course_00179/gipfelsturm/cache --split 99,1,0 --num-workers 16
0: [default0]:/usr/local/lib/python3.12/dist-packages/torch/library.py:357: UserWarning: Warning only once for all operators,  other operators may also be overridden.
0: [default0]:  Overriding a previously registered kernel for the same operator and the same dispatch key
0: [default0]:  operator: flash_attn::_flash_attn_backward(Tensor dout, Tensor q, Tensor k, Tensor v, Tensor out, Tensor softmax_lse, Tensor(a6!)? dq, Tensor(a7!)? dk, Tensor(a8!)? dv, float dropout_p, float softmax_scale, bool causal, SymInt window_size_left, SymInt window_size_right, float softcap, Tensor? alibi_slopes, bool deterministic, Tensor? rng_state=None) -> Tensor
0: [default0]:    registered at /usr/local/lib/python3.12/dist-packages/torch/_library/custom_ops.py:926
0: [default0]:  dispatch key: ADInplaceOrView
0: [default0]:  previous kernel: no debug info
0: [default0]:       new kernel: registered at /usr/local/lib/python3.12/dist-packages/torch/_library/custom_ops.py:926 (Triggered internally at /opt/pytorch/pytorch/aten/src/ATen/core/dispatch/Op
0: eratorEntry.cpp:208.)
0: [default0]:  self.m.impl(
1: [default0]:Traceback (most recent call last):
1: [default0]:  File "/iopsstor/scratch/cscs/course_00179/lsaie-ss26-gipfelsturm/Megatron-LM/pretrain_gpt.py", line 24, in <module>
1: [default0]:    from gpt_builders import gpt_builder
1: [default0]:  File "/iopsstor/scratch/cscs/course_00179/lsaie-ss26-gipfelsturm/Megatron-LM/gpt_builders.py", line 19, in <module>
1: [default0]:    from megatron.training import get_args, print_rank_0
1: [default0]:  File "/iopsstor/scratch/cscs/course_00179/lsaie-ss26-gipfelsturm/Megatron-LM/megatron/training/__init__.py", line 5, in <module>
1: [default0]:    from .global_vars import get_args
1: [default0]:  File "/iopsstor/scratch/cscs/course_00179/lsaie-ss26-gipfelsturm/Megatron-LM/megatron/training/global_vars.py", line 11, in <module>
1: [default0]:    from megatron.core.energy_monitor import EnergyMonitor
1: [default0]:ModuleNotFoundError: No module named 'megatron.core.energy_monitor'
1: W0524 06:03:27.496000 123040 torch/distributed/elastic/multiprocessing/api.py:1010] Sending process 123556 closing signal SIGTERM
1: W0524 06:03:27.497000 123040 torch/distributed/elastic/multiprocessing/api.py:1010] Sending process 123557 closing signal SIGTERM
1: W0524 06:03:27.499000 123040 torch/distributed/elastic/multiprocessing/api.py:1010] Sending process 123558 closing signal SIGTERM
1: E0524 06:03:27.666000 123040 torch/distributed/elastic/multiprocessing/api.py:984] failed (exitcode: 1) local_rank: 0 (pid: 123555) of binary: /usr/bin/python
1: Traceback (most recent call last):
1:   File "/usr/local/bin/torchrun", line 7, in <module>
1:     sys.exit(main())
1:              ^^^^^^
1:   File "/usr/local/lib/python3.12/dist-packages/torch/distributed/elastic/multiprocessing/errors/__init__.py", line 362, in wrapper
1:     return f(*args, **kwargs)
1:            ^^^^^^^^^^^^^^^^^^
1:   File "/usr/local/lib/python3.12/dist-packages/torch/distributed/run.py", line 991, in main
1:     run(args)
1:   File "/usr/local/lib/python3.12/dist-packages/torch/distributed/run.py", line 982, in run
1:     elastic_launch(
1:   File "/usr/local/lib/python3.12/dist-packages/torch/distributed/launcher/api.py", line 170, in __call__
1:     return launch_agent(self._config, self._entrypoint, list(args))
1:            ^^^^^^^^^^^^^^^^^^^^^^^^^^^^^^^^^^^^^^^^^^^^^^^^^^^^^^^^
1:   File "/usr/local/lib/python3.12/dist-packages/torch/distributed/launcher/api.py", line 317, in launch_agent
1:     raise ChildFailedError(
1: torch.distributed.elastic.multiprocessing.errors.ChildFailedError: 
1: ============================================================
1: /iopsstor/scratch/cscs/course_00179/lsaie-ss26-gipfelsturm/Megatron-LM/pretrain_gpt.py FAILED
1: ------------------------------------------------------------
1: Failures:
1: [1]:
1:   time      : 2026-05-24_06:03:27
1:   host      : nid006244
1:   rank      : 5 (local_rank: 1)
1:   exitcode  : -15 (pid: 123556)
1:   error_file: <N/A>
1:   traceback : Signal 15 (SIGTERM) received by PID 123556
1: [2]:
1:   time      : 2026-05-24_06:03:27
1:   host      : nid006244
1:   rank      : 6 (local_rank: 2)
1:   exitcode  : -15 (pid: 123557)
1:   error_file: <N/A>
1:   traceback : Signal 15 (SIGTERM) received by PID 123557
1: [3]:
1:   time      : 2026-05-24_06:03:27
1:   host      : nid006244
1:   rank      : 7 (local_rank: 3)
1:   exitcode  : -15 (pid: 123558)
1:   error_file: <N/A>
1:   traceback : Signal 15 (SIGTERM) received by PID 123558
1: ------------------------------------------------------------
1: Root Cause (first observed failure):
1: [0]:
1:   time      : 2
1: 026-05-24_06:03:27
1:   host      : nid006244
1:   rank      : 4 (local_rank: 0)
1:   exitcode  : 1 (pid: 123555)
1:   error_file: <N/A>
1:   traceback : To enable traceback see: https://pytorch.org/docs/stable/elastic/errors.html
1: ============================================================
1: 
srun: error: nid006244: task 1: Exited with exit code 1
srun: Terminating StepId=2355611.0
7: W0524 06:03:30.175000 92871 torch/distributed/elastic/agent/server/api.py:739] Received 15 death signal, shutting down workers
4: W0524 06:03:30.175000 172533 torch/distributed/elastic/agent/server/api.py:739] Received 15 death signal, shutting down workers
7: W0524 06:03:30.176000 92871 torch/distributed/elastic/multiprocessing/api.py:1010] Sending process 93402 closing signal SIGTERM
4: W0524 06:03:30.176000 172533 torch/distributed/elastic/multiprocessing/api.py:1010] Sending process 173063 closing signal SIGTERM
5: W0524 06:03:30.176000 5828 torch/distributed/elastic/agent/server/api.py:739] Received 15 death signal, shutting down workers
4: W0524 06:03:30.176000 172533 torch/distributed/elastic/multiprocessing/api.py:1010] Sending process 173064 closing signal SIGTERM
5: W0524 06:03:30.177000 5828 torch/distributed/elastic/multiprocessing/api.py:1010] Sending process 6334 closing signal SIGTERM
3: W0524 06:03:30.176000 220548 torch/distributed/elastic/agent/server/api.py:739] Received 15 death signal, shutting down workers
7: W0524 06:03:30.177000 92871 torch/distributed/elastic/multiprocessing/api.py:1010] Sending process 93403 closing signal SIGTERM
6: W0524 06:03:30.176000 284363 torch/distributed/elastic/agent/server/api.py:739] Received 15 death signal, shutting down workers
6: W0524 06:03:30.177000 284363 torch/distributed/elastic/multiprocessing/api.py:1010] Sending process 284888 closing signal SIGTERM
3: W0524 06:03:30.177000 220548 torch/distributed/elastic/multiprocessing/api.py:1010] Sending process 221080 closing signal SIGTERM
5: W0524 06:03:30.177000 5828 torch/distributed/elastic/multiprocessing/api.py:1010] Sending process 6335 closing signal SIGTERM
6: W0524 06:03:30.178000 284363 torch/distributed/elastic/multiprocessing/api.py:1010] Sending process 284889 closing signal SIGTERM
3: W0524 06:03:30.178000 220548 torch/distributed/elastic/multiprocessing/api.py:1010] Sending process 221081 closing signal SIGTERM
4: W0524 06:03:30.178000 172533 torch/distributed/elastic/multiprocessing/api.py:1010] Sending process 173065 closing signal SIGTERM
7: W0524 06:03:30.178000 92871 torch/distributed/elastic/multiprocessing/api.py:1010] Sending process 93404 closing signal SIGTERM
5: W0524 06:03:30.179000 5828 torch/distributed/elastic/multiprocessing/api.py:1010] Sending process 6336 closing signal SIGTERM
3: W0524 06:03:30.179000 220548 torch/distributed/elastic/multiprocessing/api.py:1010] Sending process 221082 closing signal SIGTERM
6: W0524 06:03:30.180000 284363 torch/distributed/elastic/multiprocessing/api.py:1010] Sending process 284890 closing signal SIGTERM
5: W0524 06:03:30.180000 5828 torch/distributed/elastic/multiprocessing/api.py:1010] Sending process 6337 closing signal SIGTERM
4: W0524 06:03:30.181000 172533 torch/distributed/elastic/multiprocessing/api.py:1010] Sending process 173066 closing signal SIGTERM
7: W0524 06:03:30.181000 92871 torch/distributed/elastic/multiprocessing/api.py:1010] Sending process 93405 closing signal SIGTERM
3: W0524 06:03:30.182000 220548 torch/distributed/elastic/multiprocessing/api.py:1010] Sending process 221083 closing signal SIGTERM
6: W0524 06:03:30.182000 284363 torch/distributed/elastic/multiprocessing/api.py:1010] Sending process 284891 closing signal SIGTERM
4: Traceback (most recent call last):
4:   File "/usr/local/bin/torchrun", line 7, in <module>
4:     sys.exit(main())
4:              ^^^^^^
4:   File "/usr/local/lib/python3.12/dist-packages/torch/distributed/elastic/multiprocessing/errors/__init__.py", line 362, in wrapper
4:     return f(*args, **kwargs)
4:            ^^^^^^^^^^^^^^^^^^
4:   File "/usr/local/lib/python3.12/dist-packages/torch/distributed/run.py", line 991, in main
4:     run(args)
4:   File "/usr/local/lib/python3.12/dist-packages/torch/distributed/run.py", line 982, in run
4:     elastic_launch(
4:   File "/usr/local/lib/python3.12/dist-packages/torch/distributed/launcher/api.py", line 170, in __call__
4:     return launch_agent(self._config, self._entrypoint, list(args))
4:            ^^^^^^^^^^^^^^^^^^^^^^^^^^^^^^^^^^^^^^^^^^^^^^^^^^^^^^^^
4:   File "/usr/local/lib/python3.12/dist-packages/torch/distributed/launcher/api.py", line 308, in launch_agent
4:     result = agent.run()
4:              ^^^^^^^^^^^
4:   File "/usr/local/lib/python3.12/dist-packages/torch/distributed/elastic/metrics/api.py", line 134, in wrapper
4:     result = f(*args, **kwargs)
4:              ^^^^^^^^^^^^^^^^^^
4:   File "/usr/local/lib/python3.12/dist-packages/torch/distributed/elastic/agent/server/api.py", line 731, in run
4:     result = self._invoke_run(role)
4:              ^^^^^^^^^^^^^^^^^^^^^^
4:   File "/usr/local/lib/python3.12/dist-packages/torch/distributed/elastic/agent/server/api.py", line 908, in _invoke_run
4:     time.sleep(monitor_interval)
4:   File "/usr/local/lib/python3.12/dist-packages/torch/distributed/elastic/multiprocessing/api.py", line 86, in _terminate_process_handler
4:     raise SignalException(f"Process {os.getpid()} got signal: {sigval}", sigval=sigval)
4: torch.distributed.elastic.multiprocessing.api.SignalException: Process 172533 got signal: 15
7: Traceback (most recent call last):
7:   File "/usr/local/bin/torchrun", line 7, in <module>
7:     sys.exit(main())
7:              ^^^^^^
7:   File "/usr/local/lib/python3.12/dist-packages/torch/distributed/elastic/multiprocessing/errors/__init__.py", line 362, in wrapper
7:     return f(*args, **kwargs)
7:            ^^^^^^^^^^^^^^^^^^
7:   File "/usr/local/lib/python3.12/dist-packages/torch/distributed/run.py", line 991, in main
5: Traceback (most recent call last):
5:   File "/usr/local/bin/torchrun", line 7, in <module>
7:     run(args)
7:   File "/usr/local/lib/python3.12/dist-packages/torch/distributed/run.py", line 982, in run
5:     sys.exit(main())
3: Traceback (most recent call last):
3:   File "/usr/local/bin/torchrun", line 7, in <module>
5:              ^^^^^^
5:   File "/usr/local/lib/python3.12/dist-packages/torch/distributed/elastic/multiprocessing/errors/__init__.py", line 362, in wrapper
7:     elastic_launch(
7:   File "/usr/local/lib/python3.12/dist-packages/torch/distributed/launcher/api.py", line 170, in __call__
3:     sys.exit(main())
3:              ^^^^^^
3:   File "/usr/local/lib/python3.12/dist-packages/torch/distributed/elastic/multiprocessing/errors/__init__.py", line 362, in wrapper
5:     return f(*args, **kwargs)
5:            ^^^^^^^^^^^^^^^^^^
5:   File "/usr/local/lib/python3.12/dist-packages/torch/distributed/run.py", line 991, in main
7:     return launch_agent(self._config, self._entrypoint, list(args))
7:            ^^^^^^^^^^^^^^^^^^^^^^^^^^^^^^^^^^^^^^^^^^^^^^^^^^^^^^^^
7:   File "/usr/local/lib/python3.12/dist-packages/torch/distributed/launcher/api.py", line 308, in launch_agent
3:     return f(*args, **kwargs)
3:            ^^^^^^^^^^^^^^^^^^
3:   File "/usr/local/lib/python3.12/dist-packages/torch/distributed/run.py", line 991, in main
7:     result = agent.run()
7:              ^^^^^^^^^^^
7:   File "/usr/local/lib/python3.12/dist-packages/torch/distributed/elastic/metrics/api.py", line 134, in wrapper
6: Traceback (most recent call last):
6:   File "/usr/local/bin/torchrun", line 7, in <module>
5:     run(args)
5:   File "/usr/local/lib/python3.12/dist-packages/torch/distributed/run.py", line 982, in run
7:     result = f(*args, **kwargs)
7:              ^^^^^^^^^^^^^^^^^^
7:   File "/usr/local/lib/python3.12/dist-packages/torch/distributed/elastic/agent/server/api.py", line 731, in run
6:     sys.exit(main())
6:              ^^^^^^
6:   File "/usr/local/lib/python3.12/dist-packages/torch/distributed/elastic/multiprocessing/errors/__init__.py", line 362, in wrapper
7:     result = self._invoke_run(role)
7:              ^^^^^^^^^^^^^^^^^^^^^^
7:   File "/usr/local/lib/python3.12/dist-packages/torch/distributed/elastic/agent/server/api.py", line 908, in _invoke_run
3:     run(args)
3:   File "/usr/local/lib/python3.12/dist-packages/torch/distributed/run.py", line 982, in run
6:     return f(*args, **kwargs)
6:            ^^^^^^^^^^^^^^^^^^
6:   File "/usr/local/lib/python3.12/dist-packages/torch/distributed/run.py", line 991, in main
5:     elastic_launch(
5:   File "/usr/local/lib/python3.12/dist-packages/torch/distributed/launcher/api.py", line 170, in __call__
7:     time.sleep(monitor_interval)
7:   File "/usr/local/lib/python3.12/dist-packages/torch/distributed/elastic/multiprocessing/api.py", line 86, in _terminate_process_handler
5:     return launch_agent(self._config, self._entrypoint, list(args))
5:            ^^^^^^^^^^^^^^^^^^^^^^^^^^^^^^^^^^^^^^^^^^^^^^^^^^^^^^^^
5:   File "/usr/local/lib/python3.12/dist-packages/torch/distributed/launcher/api.py", line 308, in launch_agent
7:     raise SignalException(f"Process {os.getpid()} got signal: {sigval}", sigval=sigval)
7: torch.distributed.elastic.multiprocessing.api.SignalException: Process 92871 got signal: 15
3:     elastic_launch(
3:   File "/usr/local/lib/python3.12/dist-packages/torch/distributed/launcher/api.py", line 170, in __call__
6:     run(args)
6:   File "/usr/local/lib/python3.12/dist-packages/torch/distributed/run.py", line 982, in run
5:     result = agent.run()
5:              ^^^^^^^^^^^
5:   File "/usr/local/lib/python3.12/dist-packages/torch/distributed/elastic/metrics/api.py", line 134, in wrapper
3:     return launch_agent(self._config, self._entrypoint, list(args))
3:            ^^^^^^^^^^^^^^^^^^^^^^^^^^^^^^^^^^^^^^^^^^^^^^^^^^^^^^^^
3:   File "/usr/local/lib/python3.12/dist-packages/torch/distributed/launcher/api.py", line 308, in launch_agent
5:     result = f(*args, **kwargs)
5:              ^^^^^^^^^^^^^^^^^^
5:   File "/usr/local/lib/python3.12/dist-packages/torch/distributed/elastic/agent/server/api.py", line 731, in run
6:     elastic_launch(
6:   File "/usr/local/lib/python3.12/dist-packages/torch/distributed/launcher/api.py", line 170, in __call__
3:     result = agent.run()
3:              ^^^^^^^^^^^
3:   File "/usr/local/lib/python3.12/dist-packages/torch/distributed/elastic/metrics/api.py", line 134, in wrapper
5:     result = self._invoke_run(role)
5:              ^^^^^^^^^^^^^^^^^^^^^^
5:   File "/usr/local/lib/python3.12/dist-packages/torch/distributed/elastic/agent/server/api.py", line 908, in _invoke_run
6:     return launch_agent(self._config, self._entrypoint, list(args))
6:            ^^^^^^^^^^^^^^^^^^^^^^^^^^^^^^^^^^^^^^^^^^^^^^^^^^^^^^^^
6:   File "/usr/local/lib/python3.12/dist-packages/torch/distributed/launcher/api.py", line 308, in launch_agent
3:     result = f(*args, **kwargs)
3:              ^^^^^^^^^^^^^^^^^^
3:   File "/usr/local/lib/python3.12/dist-packages/torch/distributed/elastic/agent/server/api.py", line 731, in run
6:     result = agent.run()
6:              ^^^^^^^^^^^
6:   File "/usr/local/lib/python3.12/dist-packages/torch/distributed/elastic/metrics/api.py", line 134, in wrapper
5:     time.sleep(monitor_interval)
5:   File "/usr/local/lib/python3.12/dist-packages/torch/distributed/elastic/multiprocessing/api.py", line 86, in _terminate_process_handler
3:     result = self._invoke_run(role)
3:              ^^^^^^^^^^^^^^^^^^^^^^
3:   File "/usr/local/lib/python3.12/dist-packages/torch/distributed/elastic/agent/server/api.py", line 908, in _invoke_run
6:     result = f(*args, **kwargs)
6:              ^^^^^^^^^^^^^^^^^^
6:   File "/usr/local/lib/python3.12/dist-packages/torch/distributed/elastic/agent/server/api.py", line 731, in run
5:     raise SignalException(f"Process {os.getpid()} got signal: {sigval}", sigval=sigval)
5: torch.distributed.elastic.multiprocessing.api.SignalException: Process 5828 got signal: 15
6:     result = self._invoke_run(role)
6:              ^^^^^^^^^^^^^^^^^^^^^^
6:   File "/usr/local/lib/python3.12/dist-packages/torch/distributed/elastic/agent/server/api.py", line 908, in _invoke_run
3:     time.sleep(monitor_interval)
3:   File "/usr/local/lib/python3.12/dist-packages/torch/distributed/elastic/multiprocessing/api.py", line 86, in _terminate_process_handler
6:     time.sleep(monitor_interval)
6:   File "/usr/local/lib/python3.12/dist-packages/torch/distributed/elastic/multiprocessing/api.py", line 86, in _terminate_process_handler
3:     raise SignalException(f"Process {os.getpid()} got signal: {sigval}", sigval=sigval)
3: torch.distributed.elastic.multiprocessing.api.SignalException: Process 220548 got signal: 15
6:     raise SignalException(f"Process {os.getpid()} got signal: {sigval}", sigval=sigval)
6: torch.distributed.elastic.multiprocessing.api.SignalException: Process 284363 got signal: 15
srun: error: nid007457: task 7: Exited with exit code 1
srun: error: nid007248: task 6: Exited with exit code 1
srun: error: nid006998: task 4: Exited with exit code 1
srun: error: nid006758: task 3: Exited with exit code 1
srun: error: nid007112: task 5: Exited with exit code 1
0: [2026-05-24T06:03:35.179] error: *** STEP 2355611.0 ON nid006177 CANCELLED AT 2026-05-24T06:03:35 DUE TO TASK FAILURE ***
2: W0524 06:03:35.180000 243913 torch/distributed/elastic/agent/server/api.py:739] Received 15 death signal, shutting down workers
0: W0524 06:03:35.180000 264535 torch/distributed/elastic/agent/server/api.py:739] Received 15 death signal, shutting down workers
2: W0524 06:03:35.181000 243913 torch/distributed/elastic/multiprocessing/api.py:1010] Sending process 244423 closing signal SIGTERM
0: W0524 06:03:35.181000 264535 torch/distributed/elastic/multiprocessing/api.py:1010] Sending process 265125 closing signal SIGTERM
2: W0524 06:03:35.182000 243913 torch/distributed/elastic/multiprocessing/api.py:1010] Sending process 244424 closing signal SIGTERM
0: W0524 06:03:35.182000 264535 torch/distributed/elastic/multiprocessing/api.py:1010] Sending process 265126 closing signal SIGTERM
2: W0524 06:03:35.183000 243913 torch/distributed/elastic/multiprocessing/api.py:1010] Sending process 244425 closing signal SIGTERM
0: W0524 06:03:35.184000 264535 torch/distributed/elastic/multiprocessing/api.py:1010] Sending process 265127 closing signal SIGTERM
0: W0524 06:03:35.187000 264535 torch/distributed/elastic/multiprocessing/api.py:1010] Sending process 265128 closing signal SIGTERM
2: W0524 06:03:35.188000 243913 torch/distributed/elastic/multiprocessing/api.py:1010] Sending process 244426 closing signal SIGTERM
0: Traceback (most recent call last):
0:   File "/usr/local/bin/torchrun", line 7, in <module>
0:     sys.exit(main())
0:              ^^^^^^
0:   File "/usr/local/lib/python3.12/dist-packages/torch/distributed/elastic/multiprocessing/errors/__init__.py", line 362, in wrapper
0:     return f(*args, **kwargs)
0:            ^^^^^^^^^^^^^^^^^^
0:   File "/usr/local/lib/python3.12/dist-packages/torch/distributed/run.py", line 991, in main
0:     run(args)
0:   File "/usr/local/lib/python3.12/dist-packages/torch/distributed/run.py", line 982, in run
0:     elastic_launch(
0:   File "/usr/local/lib/python3.12/dist-packages/torch/distributed/launcher/api.py", line 170, in __call__
0:     return launch_agent(self._config, self._entrypoint, list(args))
0:            ^^^^^^^^^^^^^^^^^^^^^^^^^^^^^^^^^^^^^^^^^^^^^^^^^^^^^^^^
0:   File "/usr/local/lib/python3.12/dist-packages/torch/distributed/launcher/api.py", line 308, in launch_agent
0:     result = agent.run()
0:              ^^^^^^^^^^^
0:   File "/usr/local/lib/python3.12/dist-packages/torch/distributed/elastic/metrics/api.py", line 134, in wrapper
0:     result = f(*args, **kwargs)
0:              ^^^^^^^^^^^^^^^^^^
0:   File "/usr/local/lib/python3.12/dist-packages/torch/distributed/elastic/agent/server/api.py", line 731, in run
0:     result = self._invoke_run(role)
0:              ^^^^^^^^^^^^^^^^^^^^^^
0:   File "/usr/local/lib/python3.12/dist-packages/torch/distributed/elastic/agent/server/api.py", line 908, in _invoke_run
0:     time.sleep(monitor_interval)
0:   File "/usr/local/lib/python3.12/dist-packages/torch/distributed/elastic/multiprocessing/api.py", line 86, in _terminate_process_handler
0:     raise SignalException(f"Process {os.getpid()} got signal: {sigval}", sigval=sigval)
0: torch.distributed.elastic.multiprocessing.api.SignalException: Process 264535 got signal: 15
2: Traceback (most recent call last):
2:   File "/usr/local/bin/torchrun", line 7, in <module>
2:     sys.exit(main())
2:              ^^^^^^
2:   File "/usr/local/lib/python3.12/dist-packages/torch/distributed/elastic/multiprocessing/errors/__init__.py", line 362, in wrapper
2:     return f(*args, **kwargs)
2:            ^^^^^^^^^^^^^^^^^^
2:   File "/usr/local/lib/python3.12/dist-packages/torch/distributed/run.py", line 991, in main
2:     run(args)
2:   File "/usr/local/lib/python3.12/dist-packages/torch/distributed/run.py", line 982, in run
2:     elastic_launch(
2:   File "/usr/local/lib/python3.12/dist-packages/torch/distributed/launcher/api.py", line 170, in __call__
2:     return launch_agent(self._config, self._entrypoint, list(args))
2:            ^^^^^^^^^^^^^^^^^^^^^^^^^^^^^^^^^^^^^^^^^^^^^^^^^^^^^^^^
2:   File "/usr/local/lib/python3.12/dist-packages/torch/distributed/launcher/api.py", line 308, in launch_agent
2:     result = agent.run()
2:              ^^^^^^^^^^^
2:   File "/usr/local/lib/python3.12/dist-packages/torch/distributed/elastic/metrics/api.py", line 134, in wrapper
2:     result = f(*args, **kwargs)
2:              ^^^^^^^^^^^^^^^^^^
2:   File "/usr/local/lib/python3.12/dist-packages/torch/distributed/elastic/agent/server/api.py", line 731, in run
2:     result = self._invoke_run(role)
2:              ^^^^^^^^^^^^^^^^^^^^^^
2:   File "/usr/local/lib/python3.12/dist-packages/torch/distributed/elastic/agent/server/api.py", line 908, in _invoke_run
2:     time.sleep(monitor_interval)
2:   File "/usr/local/lib/python3.12/dist-packages/torch/distributed/elastic/multiprocessing/api.py", line 86, in _terminate_process_handler
2:     raise SignalException(f"Process {os.getpid()} got signal: {sigval}", sigval=sigval)
2: torch.distributed.elastic.multiprocessing.api.SignalException: Process 243913 got signal: 15
srun: error: nid006681: task 2: Exited with exit code 1
srun: error: nid006177: task 0: Exited with exit code 1
END TIME: Sun May 24 06:03:37 CEST 2026
